ERROR: 2020/05/24 13:45:21 listing11.go:46: Something has failed
ERROR: 2020/05/24 13:45:40 listing11.go:46: Something has failed
